2026-08-08 17:53:13,403 INFO Database initialized successfully at C:\Users\idbea\OneDrive\Experimental Task\lab_tracker.db
2026-08-08 17:54:57,137 INFO Database initialized successfully at C:\Users\idbea\OneDrive\Experimental Task\lab_tracker.db
2026-08-08 17:55:07,163 INFO Database initialized successfully at C:\Users\idbea\OneDrive\Experimental Task\lab_tracker.db
2026-08-08 18:33:28,546 INFO Database initialized successfully at C:\Users\idbea\OneDrive\Desktop\Lab - Exp 3\Experimental Task\lab_tracker.db
2026-08-08 18:33:39,223 INFO Account Created: 'Admin123'
2026-08-08 18:34:36,889 INFO User Logged In: 'Admin123'
2026-08-08 18:35:18,021 ERROR Error adding experiment: database is locked
2026-08-08 18:35:27,068 ERROR Error adding experiment: database is locked
2026-08-08 18:35:31,889 WARNING Add Experiment validation failed: Student_id String should have at least 4 characters
2026-08-08 18:35:40,346 ERROR Error adding experiment: database is locked
2026-08-08 18:35:45,343 INFO Database initialized successfully at C:\Users\idbea\OneDrive\Desktop\Lab - Exp 3\Experimental Task\lab_tracker.db
2026-08-08 18:35:57,024 INFO User Logged In: 'Admin123'
2026-08-08 18:36:06,341 INFO Experiment added: 'Lab Act 2'
2026-08-08 18:36:18,192 INFO Experiment added: 'Lab Act 5'
2026-08-08 18:43:22,937 INFO Experiment added: 'Lab Exp 8'
2026-08-13 09:57:16,914 INFO Database initialized successfully at C:\Users\NU\Downloads\Experimental Task\lab_tracker.db
2026-08-13 10:07:46,527 INFO Database initialized successfully at C:\Users\NU\Downloads\Experimental Task\lab_tracker.db
2026-08-13 10:08:26,754 INFO Database initialized successfully at C:\Users\NU\Downloads\Experimental Task\lab_tracker.db
2026-08-13 10:09:30,592 INFO Database initialized successfully at C:\Users\NU\Downloads\Experimental Task\lab_tracker.db
2026-08-13 10:10:20,251 INFO Database initialized successfully at C:\Users\NU\Downloads\Experimental Task\lab_tracker.db
2026-08-13 10:12:06,646 INFO Database initialized successfully at C:\Users\NU\Downloads\Experimental Task\lab_tracker.db
2026-08-13 10:16:07,815 INFO Database initialized successfully at C:\Users\NU\Downloads\Experimental Task\lab_tracker.db
2026-08-13 10:18:48,957 INFO Database initialized successfully at C:\Users\NU\Downloads\Experimental Task\lab_tracker.db
2026-08-13 10:19:16,209 INFO Account Created: 'gnoisis' with email 'mark@gmail.com'
2026-08-13 10:19:52,317 INFO Database initialized successfully at C:\Users\NU\Downloads\Experimental Task\lab_tracker.db
2026-08-13 10:23:25,447 INFO Database initialized successfully at C:\Users\NU\Downloads\Experimental Task\lab_tracker.db
2026-08-13 10:24:06,501 INFO Database initialized successfully at C:\Users\NU\Downloads\Experimental Task\lab_tracker.db
2026-08-13 10:24:42,051 INFO Account Created: 'aads' with email 'adi@gmail.com'
2026-08-13 10:25:30,226 INFO Database initialized successfully at C:\Users\NU\Downloads\Experimental Task\lab_tracker.db
2026-08-13 10:27:16,695 INFO Database initialized successfully at C:\Users\NU\Downloads\Experimental Task\lab_tracker.db
2026-08-13 10:27:35,050 INFO Account Created: 'test' with email 'test@gmail.com'
2026-08-13 10:27:49,430 INFO User Logged In: 'test' with email 'test@gmail.com'
2026-08-13 10:32:58,193 INFO Database initialized successfully at C:\Users\NU\Downloads\Experimental Task\lab_tracker.db
2026-08-13 10:33:19,646 INFO Account Created: 'test' with email 'test@gmail.com'
2026-08-13 10:33:29,545 INFO User Logged In: 'test' with email 'test@gmail.com'
2026-08-13 10:35:27,681 INFO Database initialized successfully at C:\Users\NU\Downloads\Experimental Task\lab_tracker.db
2026-08-13 10:35:37,604 INFO User Logged In: 'test' with email 'test@gmail.com'
2026-08-13 10:36:00,250 INFO Inventory item added: 'blah'
2026-08-13 10:36:37,555 INFO Inventory item added: 'fsad'
2026-08-13 10:36:44,365 INFO Database initialized successfully at C:\Users\NU\Downloads\Experimental Task\lab_tracker.db
2026-08-13 10:36:56,876 WARNING Account locked for user 'test' after 3 failed attempts
2026-08-13 10:37:33,561 WARNING Account locked for user 'test' after 3 failed attempts
2026-08-13 10:39:26,090 INFO Database initialized successfully at C:\Users\NU\Downloads\Experimental Task\lab_tracker.db
2026-08-13 10:39:58,094 INFO Database initialized successfully at C:\Users\NU\Downloads\Experimental Task\lab_tracker.db
2026-08-13 10:40:07,613 WARNING Account locked for user 'test' after 3 failed attempts
2026-08-13 10:40:28,673 INFO Database initialized successfully at C:\Users\NU\Downloads\Experimental Task\lab_tracker.db
2026-08-13 10:40:37,706 INFO User Logged In: 'test' with email 'test@gmail.com'
2026-08-13 10:40:44,086 INFO Database initialized successfully at C:\Users\NU\Downloads\Experimental Task\lab_tracker.db
2026-08-13 10:40:55,621 WARNING Account locked for user 'test' after 3 failed attempts
2026-08-13 10:41:03,286 INFO Database initialized successfully at C:\Users\NU\Downloads\Experimental Task\lab_tracker.db
2026-08-13 10:41:27,147 INFO User Logged In: 'test' with email 'test@gmail.com'
2026-08-13 10:41:54,898 INFO Inventory item added: '312weq'
2026-08-13 10:41:58,907 INFO Inventory item added: 'blah'
2026-08-13 10:42:05,666 INFO Inventory ID 4 deleted
2026-08-13 10:44:02,317 INFO Database initialized successfully at C:\Users\NU\Downloads\Experimental Task\lab_tracker.db
2026-08-13 10:44:22,505 INFO User Logged In: 'test' with email 'test@gmail.com'
2026-08-13 10:44:27,076 WARNING Duplicate item attempted: 'blah' in category 'micro'
2026-08-13 10:58:55,443 INFO Database initialized successfully at C:\Users\NU\Downloads\Experimental Task\lab_tracker.db
2026-08-13 10:59:14,398 INFO User Logged In: 'test' with email 'test@gmail.com'
2026-08-13 10:59:33,344 INFO Database initialized successfully at C:\Users\NU\Downloads\Experimental Task\lab_tracker.db
2026-09-03 09:28:23,661 INFO Database initialized successfully at C:\Users\NU\Downloads\Experimental Task\lab_tracker.db
2026-09-03 09:30:33,519 INFO Account Created: 'int' with email 'int123@gmail.com'
2026-09-03 09:31:06,960 INFO Account Created: 'int123' with email 'int1234@gmail.com'
2026-09-03 09:31:19,795 INFO User Logged In: 'int123' with email 'int1234@gmail.com'
2026-09-03 09:41:12,443 INFO Database initialized successfully at C:\Users\NU\AppData\Local\Temp\tmpru3bbdoz\test_lab_tracker.db
2026-09-03 09:41:12,450 INFO Database initialized successfully at C:\Users\NU\AppData\Local\Temp\tmp1e7b_1tq\test_lab_tracker.db
2026-09-03 09:44:11,932 INFO Database initialized successfully at C:\Users\NU\AppData\Local\Temp\inventory_feature_check.db
2026-09-03 09:44:11,938 INFO Inventory item added: 'Microscope'
2026-09-03 09:44:11,940 WARNING Duplicate item attempted: 'microscope' in category 'Other'
2026-09-03 09:44:11,942 ERROR Error saving borrow record: NOT NULL constraint failed: borrow_records.user_id
2026-09-03 09:44:50,643 INFO Database initialized successfully at C:\Users\NU\AppData\Local\Temp\inventory_feature_check.db
2026-09-03 09:44:50,846 INFO Account Created: 'AdminOne' with email 'admin1@example.com'
2026-09-03 09:44:51,056 INFO Account Created: 'UserOne' with email 'user1@example.com'
2026-09-03 09:44:51,255 INFO User Logged In: 'AdminOne' with email 'admin1@example.com'
2026-09-03 09:44:51,258 INFO Inventory item added: 'Microscope'
2026-09-03 09:44:51,260 WARNING Duplicate item attempted: 'microscope' in category 'Other'
2026-09-03 09:45:21,457 INFO Database initialized successfully at C:\Users\NU\Downloads\Experimental Task\lab_tracker.db
2026-09-03 09:45:55,500 INFO Account Created: 'user' with email 'user@gmail.com'
2026-09-03 09:46:04,546 INFO User Logged In: 'user' with email 'user@gmail.com'
2026-09-03 09:46:21,099 INFO Database initialized successfully at C:\Users\NU\Downloads\Experimental Task\lab_tracker.db
2026-09-03 09:47:28,023 INFO Account Created: 'admin' with email 'admin@gmail.com'
2026-09-03 09:47:30,487 INFO User Logged In: 'admin' with email 'admin@gmail.com'
2026-09-03 09:47:44,140 INFO Inventory ID 1 updated
2026-09-03 09:47:56,248 WARNING Duplicate item attempted: 'baboon' in category 'yu'
2026-09-03 09:49:32,453 INFO Database initialized successfully at C:\Users\NU\Downloads\Experimental Task\lab_tracker.db
2026-09-03 09:53:55,669 INFO Database initialized successfully at C:\Users\NU\Downloads\Experimental Task\lab_tracker.db
2026-09-03 09:54:15,215 INFO Account Created: 'user1' with email 'user1@gmail.com'
2026-09-03 09:54:20,402 INFO User Logged In: 'user1' with email 'user1@gmail.com'
2026-09-03 09:57:43,814 INFO Database initialized successfully at C:\Users\NU\AppData\Local\Temp\inventory_reservation_check.db
2026-09-03 09:57:44,020 INFO Account Created: 'Boss' with email 'adminboss@gmail.com'
2026-09-03 09:57:44,224 INFO Account Created: 'Student' with email 'student@gmail.com'
2026-09-03 09:57:44,631 INFO User Logged In: 'Student' with email 'student@gmail.com'
2026-09-03 09:57:44,635 INFO Inventory item added: 'Laptop'
2026-09-03 09:58:24,777 INFO Database initialized successfully at C:\Users\NU\Downloads\Experimental Task\lab_tracker.db
2026-09-03 09:58:30,948 INFO Database initialized successfully at C:\Users\NU\AppData\Local\Temp\tmp4l01w64n\test_lab_tracker.db
2026-09-03 09:58:31,153 INFO Account Created: 'Student' with email 'student@gmail.com'
2026-09-03 09:58:31,555 INFO User Logged In: 'Student' with email 'student@gmail.com'
2026-09-03 09:58:31,564 INFO Database initialized successfully at C:\Users\NU\AppData\Local\Temp\tmpz5c6ox_g\test_lab_tracker.db
2026-09-03 09:58:31,773 INFO Account Created: 'Student' with email 'student@gmail.com'
2026-09-03 09:58:31,776 INFO Inventory item added: 'Laptop'
2026-09-03 09:58:31,777 WARNING Duplicate item attempted: 'laptop' in category 'Other'
2026-09-03 09:58:31,790 INFO Database initialized successfully at C:\Users\NU\AppData\Local\Temp\tmpm_a7_sxm\test_lab_tracker.db
2026-09-03 09:58:31,989 INFO Account Created: 'Student' with email 'student@gmail.com'
2026-09-03 09:58:31,994 INFO Inventory item added: 'Camera'
2026-09-03 09:58:32,008 INFO Database initialized successfully at C:\Users\NU\AppData\Local\Temp\tmpp9mc0sif\test_lab_tracker.db
2026-09-03 09:58:32,210 INFO Account Created: 'Boss' with email 'adminBoss@gmail.com'
2026-09-03 09:58:32,416 INFO Account Created: 'Student' with email 'student@gmail.com'
2026-09-03 09:58:32,616 INFO User Logged In: 'Boss' with email 'adminBoss@gmail.com'
2026-09-03 09:58:48,525 INFO Database initialized successfully at C:\Users\NU\Downloads\Experimental Task\lab_tracker.db
2026-09-03 09:59:06,879 INFO Database initialized successfully at C:\Users\NU\Downloads\Experimental Task\lab_tracker.db
2026-09-03 10:00:02,010 INFO Database initialized successfully at C:\Users\NU\AppData\Local\Temp\tmpd8z6l28n\test_lab_tracker.db
2026-09-03 10:00:02,213 INFO Account Created: 'Student' with email 'student@gmail.com'
2026-09-03 10:00:02,608 INFO User Logged In: 'Student' with email 'student@gmail.com'
2026-09-03 10:00:02,618 INFO Database initialized successfully at C:\Users\NU\AppData\Local\Temp\tmpmay7rsn8\test_lab_tracker.db
2026-09-03 10:00:02,819 INFO Account Created: 'Student' with email 'student@gmail.com'
2026-09-03 10:00:02,822 INFO Inventory item added: 'Laptop'
2026-09-03 10:00:02,823 WARNING Duplicate item attempted: 'laptop' in category 'Other'
2026-09-03 10:00:02,835 INFO Database initialized successfully at C:\Users\NU\AppData\Local\Temp\tmpzepf_c3j\test_lab_tracker.db
2026-09-03 10:00:03,034 INFO Account Created: 'Student' with email 'student@gmail.com'
2026-09-03 10:00:03,037 INFO Inventory item added: 'Camera'
2026-09-03 10:00:03,053 INFO Database initialized successfully at C:\Users\NU\AppData\Local\Temp\tmpoz7a7du9\test_lab_tracker.db
2026-09-03 10:00:03,256 INFO Account Created: 'Boss' with email 'adminBoss@gmail.com'
2026-09-03 10:00:03,458 INFO Account Created: 'Student' with email 'student@gmail.com'
2026-09-03 10:00:03,665 INFO User Logged In: 'Boss' with email 'adminBoss@gmail.com'
2026-09-03 10:00:11,512 INFO Database initialized successfully at C:\Users\NU\Downloads\Experimental Task\lab_tracker.db
2026-09-03 10:00:56,072 INFO Database initialized successfully at C:\Users\NU\AppData\Local\Temp\tmpb8w2j7er\test_lab_tracker.db
2026-09-03 10:00:56,273 INFO Account Created: 'Student' with email 'student@gmail.com'
2026-09-03 10:00:56,666 INFO User Logged In: 'Student' with email 'student@gmail.com'
2026-09-03 10:00:56,676 INFO Database initialized successfully at C:\Users\NU\AppData\Local\Temp\tmpv6qxfy6o\test_lab_tracker.db
2026-09-03 10:00:56,877 INFO Account Created: 'Student' with email 'student@gmail.com'
2026-09-03 10:00:56,880 INFO Inventory item added: 'Laptop'
2026-09-03 10:00:56,881 WARNING Duplicate item attempted: 'laptop' in category 'Other'
2026-09-03 10:00:56,893 INFO Database initialized successfully at C:\Users\NU\AppData\Local\Temp\tmpyh4u299t\test_lab_tracker.db
2026-09-03 10:00:57,094 INFO Account Created: 'Student' with email 'student@gmail.com'
2026-09-03 10:00:57,096 INFO Inventory item added: 'Camera'
2026-09-03 10:00:57,112 INFO Database initialized successfully at C:\Users\NU\AppData\Local\Temp\tmprt1q6rjc\test_lab_tracker.db
2026-09-03 10:00:57,316 INFO Account Created: 'Boss' with email 'adminBoss@gmail.com'
2026-09-03 10:00:57,515 INFO Account Created: 'Student' with email 'student@gmail.com'
2026-09-03 10:00:57,718 INFO User Logged In: 'Boss' with email 'adminBoss@gmail.com'
2026-09-03 10:01:07,581 INFO Database initialized successfully at C:\Users\NU\Downloads\Experimental Task\lab_tracker.db
2026-09-03 10:01:29,781 INFO User Logged In: 'user1' with email 'user1@gmail.com'
2026-09-03 10:03:45,563 INFO Account Created: 'adminval' with email 'adminadminval@gmail.com'
2026-09-03 10:03:58,487 INFO User Logged In: 'adminval' with email 'adminadminval@gmail.com'
2026-09-03 10:05:35,482 INFO User Logged In: 'user1' with email 'user1@gmail.com'
2026-09-03 10:07:13,878 INFO User Logged In: 'adminval' with email 'adminadminval@gmail.com'
2026-09-03 10:09:17,165 WARNING Account locked for user 'user1' after 3 failed attempts
2026-09-03 10:09:26,197 INFO Database initialized successfully at C:\Users\NU\AppData\Local\Temp\tmp_7ck7u_l\test_lab_tracker.db
2026-09-03 10:09:26,402 INFO Account Created: 'Student' with email 'student@gmail.com'
2026-09-03 10:09:26,822 INFO User Logged In: 'Student' with email 'student@gmail.com'
2026-09-03 10:09:26,832 INFO Database initialized successfully at C:\Users\NU\AppData\Local\Temp\tmp92nf5ucv\test_lab_tracker.db
2026-09-03 10:09:27,045 INFO Account Created: 'Student' with email 'student@gmail.com'
2026-09-03 10:09:27,048 INFO Inventory item added: 'Laptop'
2026-09-03 10:09:27,049 WARNING Duplicate item attempted: 'laptop' in category 'Other'
2026-09-03 10:09:27,061 INFO Database initialized successfully at C:\Users\NU\AppData\Local\Temp\tmpxv44kvcb\test_lab_tracker.db
2026-09-03 10:09:27,263 INFO Account Created: 'Student' with email 'student@gmail.com'
2026-09-03 10:09:27,266 INFO Inventory item added: 'Camera'
2026-09-03 10:09:27,278 INFO Database initialized successfully at C:\Users\NU\AppData\Local\Temp\tmpsvodzclc\test_lab_tracker.db
2026-09-03 10:09:27,483 INFO Account Created: 'Boss' with email 'adminBoss@gmail.com'
2026-09-03 10:09:27,694 INFO Account Created: 'Student' with email 'student@gmail.com'
2026-09-03 10:09:27,893 INFO User Logged In: 'Boss' with email 'adminBoss@gmail.com'
2026-09-03 10:09:41,690 INFO Database initialized successfully at C:\Users\NU\AppData\Local\Temp\tmpuj8hd47p\test_lab_tracker.db
2026-09-03 10:09:41,897 INFO Account Created: 'Student' with email 'student@gmail.com'
2026-09-03 10:09:42,300 INFO User Logged In: 'Student' with email 'student@gmail.com'
2026-09-03 10:09:42,310 INFO Database initialized successfully at C:\Users\NU\AppData\Local\Temp\tmpe0zfgj89\test_lab_tracker.db
2026-09-03 10:09:42,509 INFO Account Created: 'Student' with email 'student@gmail.com'
2026-09-03 10:09:42,512 INFO Inventory item added: 'Laptop'
2026-09-03 10:09:42,513 WARNING Duplicate item attempted: 'laptop' in category 'Other'
2026-09-03 10:09:42,524 INFO Database initialized successfully at C:\Users\NU\AppData\Local\Temp\tmplx9ws8j7\test_lab_tracker.db
2026-09-03 10:09:42,729 INFO Account Created: 'Student' with email 'student@gmail.com'
2026-09-03 10:09:42,732 INFO Inventory item added: 'Camera'
2026-09-03 10:09:42,747 INFO Database initialized successfully at C:\Users\NU\AppData\Local\Temp\tmpsruuml4p\test_lab_tracker.db
2026-09-03 10:09:42,948 INFO Account Created: 'Boss' with email 'adminBoss@gmail.com'
2026-09-03 10:09:43,150 INFO Account Created: 'Student' with email 'student@gmail.com'
2026-09-03 10:09:43,351 INFO User Logged In: 'Boss' with email 'adminBoss@gmail.com'
2026-09-03 10:09:56,172 INFO Database initialized successfully at C:\Users\NU\AppData\Local\Temp\tmp8mwcm_x_\test_lab_tracker.db
2026-09-03 10:09:56,382 INFO Account Created: 'Student' with email 'student@gmail.com'
2026-09-03 10:09:56,784 INFO User Logged In: 'Student' with email 'student@gmail.com'
2026-09-03 10:09:56,793 INFO Database initialized successfully at C:\Users\NU\AppData\Local\Temp\tmpe92bj86u\test_lab_tracker.db
2026-09-03 10:09:56,996 INFO Account Created: 'Student' with email 'student@gmail.com'
2026-09-03 10:09:56,999 INFO Inventory item added: 'Laptop'
2026-09-03 10:09:57,001 WARNING Duplicate item attempted: 'laptop' in category 'Other'
2026-09-03 10:09:57,015 INFO Database initialized successfully at C:\Users\NU\AppData\Local\Temp\tmpubvqo626\test_lab_tracker.db
2026-09-03 10:09:57,218 INFO Account Created: 'Student' with email 'student@gmail.com'
2026-09-03 10:09:57,221 INFO Inventory item added: 'Camera'
2026-09-03 10:09:57,236 INFO Database initialized successfully at C:\Users\NU\AppData\Local\Temp\tmpo8rb4guc\test_lab_tracker.db
2026-09-03 10:09:57,436 INFO Account Created: 'Boss' with email 'adminBoss@gmail.com'
2026-09-03 10:09:57,641 INFO Account Created: 'Student' with email 'student@gmail.com'
2026-09-03 10:09:57,845 INFO User Logged In: 'Boss' with email 'adminBoss@gmail.com'
2026-09-03 10:10:05,455 INFO Database initialized successfully at C:\Users\NU\Downloads\Experimental Task\lab_tracker.db
2026-09-03 10:11:00,176 INFO Account Created: 'valuuu' with email 'adminvaluuu@gmail.com'
2026-09-03 10:11:28,596 INFO User Logged In: 'valuuu' with email 'adminvaluuu@gmail.com'
2026-09-03 10:12:13,712 INFO Database initialized successfully at C:\Users\NU\AppData\Local\Temp\tmpk8db9wfm\test_lab_tracker.db
2026-09-03 10:12:13,915 INFO Account Created: 'Student' with email 'student@gmail.com'
2026-09-03 10:12:14,309 INFO User Logged In: 'Student' with email 'student@gmail.com'
2026-09-03 10:12:14,318 INFO Database initialized successfully at C:\Users\NU\AppData\Local\Temp\tmp0523hip1\test_lab_tracker.db
2026-09-03 10:12:14,522 INFO Account Created: 'Student' with email 'student@gmail.com'
2026-09-03 10:12:14,525 INFO Inventory item added: 'Laptop'
2026-09-03 10:12:14,526 WARNING Duplicate item attempted: 'laptop' in category 'Other'
2026-09-03 10:12:14,540 INFO Database initialized successfully at C:\Users\NU\AppData\Local\Temp\tmphtty88kx\test_lab_tracker.db
2026-09-03 10:12:14,743 INFO Account Created: 'Student' with email 'student@gmail.com'
2026-09-03 10:12:14,745 INFO Inventory item added: 'Camera'
2026-09-03 10:12:14,761 INFO Database initialized successfully at C:\Users\NU\AppData\Local\Temp\tmpfsdqdd0g\test_lab_tracker.db
2026-09-03 10:12:14,965 INFO Account Created: 'Boss' with email 'adminBoss@gmail.com'
2026-09-03 10:12:15,167 INFO Account Created: 'Student' with email 'student@gmail.com'
2026-09-03 10:12:15,363 INFO User Logged In: 'Boss' with email 'adminBoss@gmail.com'
2026-09-03 10:12:37,268 INFO User Logged In: 'user1' with email 'user1@gmail.com'
2026-09-03 10:14:15,640 INFO User Logged In: 'adminval' with email 'adminadminval@gmail.com'
2026-09-03 10:14:29,035 INFO Database initialized successfully at C:\Users\NU\Downloads\Experimental Task\lab_tracker.db
2026-09-03 10:14:54,163 INFO User Logged In: 'adminval' with email 'adminadminval@gmail.com'
2026-09-03 10:15:01,754 INFO Inventory ID 3 deleted
2026-09-03 10:18:22,946 INFO Inventory ID 1 deleted
2026-09-03 10:18:26,849 INFO Inventory ID 2 deleted
2026-09-03 10:18:49,106 INFO Inventory item added: 'HC-05'
2026-09-03 10:21:15,867 INFO Inventory item added: 'Arduino Uno'
2026-09-03 10:21:55,447 INFO Inventory item added: 'Rasberry Pi 5'
2026-09-03 10:22:26,687 INFO Inventory item added: 'Breadboard'
2026-09-03 10:22:55,313 INFO Inventory item added: 'Dupont Wires-M'
2026-09-03 10:23:00,361 INFO Database initialized successfully at C:\Users\NU\AppData\Local\Temp\tmpdpwj842l\test_lab_tracker.db
2026-09-03 10:23:00,565 INFO Account Created: 'Student' with email 'student@gmail.com'
2026-09-03 10:23:00,978 INFO User Logged In: 'Student' with email 'student@gmail.com'
2026-09-03 10:23:00,988 INFO Database initialized successfully at C:\Users\NU\AppData\Local\Temp\tmpvq029rld\test_lab_tracker.db
2026-09-03 10:23:01,194 INFO Account Created: 'Student' with email 'student@gmail.com'
2026-09-03 10:23:01,196 INFO Inventory item added: 'Laptop'
2026-09-03 10:23:01,197 WARNING Duplicate item attempted: 'laptop' in category 'Other'
2026-09-03 10:23:01,211 INFO Database initialized successfully at C:\Users\NU\AppData\Local\Temp\tmpn9ozqfh4\test_lab_tracker.db
2026-09-03 10:23:01,410 INFO Account Created: 'Student' with email 'student@gmail.com'
2026-09-03 10:23:01,413 INFO Inventory item added: 'Camera'
2026-09-03 10:23:01,430 INFO Database initialized successfully at C:\Users\NU\AppData\Local\Temp\tmpvtn_7mt1\test_lab_tracker.db
2026-09-03 10:23:01,633 INFO Account Created: 'Boss' with email 'adminBoss@gmail.com'
2026-09-03 10:23:01,833 INFO Account Created: 'Student' with email 'student@gmail.com'
2026-09-03 10:23:02,035 INFO User Logged In: 'Boss' with email 'adminBoss@gmail.com'
2026-09-03 10:23:16,011 INFO Database initialized successfully at C:\Users\NU\Downloads\Experimental Task\lab_tracker.db
2026-09-03 10:23:38,088 INFO User Logged In: 'adminval' with email 'adminadminval@gmail.com'
2026-09-03 10:24:38,113 INFO Inventory item added: 'Dupont Wires-F'
2026-09-03 10:25:48,770 INFO Inventory item added: 'Dupont Wires-M-F'
2026-09-03 10:26:32,167 INFO Inventory item added: 'PIC1878A'
2026-09-03 10:27:41,472 INFO Inventory item added: '74HC04'
2026-09-03 10:28:15,796 INFO Inventory item added: '74HC08'
2026-09-03 10:28:49,927 INFO Database initialized successfully at C:\Users\NU\Downloads\Experimental Task\lab_tracker.db
2026-09-03 10:29:33,645 INFO User Logged In: 'user1' with email 'user1@gmail.com'
2026-09-03 10:29:47,386 INFO Database initialized successfully at C:\Users\NU\AppData\Local\Temp\tmpaxj21c_d\test_lab_tracker.db
2026-09-03 10:29:47,594 INFO Account Created: 'Student' with email 'student@gmail.com'
2026-09-03 10:29:47,998 INFO User Logged In: 'Student' with email 'student@gmail.com'
2026-09-03 10:29:48,008 INFO Database initialized successfully at C:\Users\NU\AppData\Local\Temp\tmpd2omtrti\test_lab_tracker.db
2026-09-03 10:29:48,215 INFO Account Created: 'Student' with email 'student@gmail.com'
2026-09-03 10:29:48,219 INFO Inventory item added: 'Camera'
2026-09-03 10:29:48,237 INFO Database initialized successfully at C:\Users\NU\AppData\Local\Temp\tmp9uno7pze\test_lab_tracker.db
2026-09-03 10:29:48,442 INFO Account Created: 'Student' with email 'student@gmail.com'
2026-09-03 10:29:48,445 INFO Inventory item added: 'Laptop'
2026-09-03 10:29:48,447 WARNING Duplicate item attempted: 'laptop' in category 'Other'
2026-09-03 10:29:48,459 INFO Database initialized successfully at C:\Users\NU\AppData\Local\Temp\tmphfyjt1ov\test_lab_tracker.db
2026-09-03 10:29:48,664 INFO Account Created: 'Student' with email 'student@gmail.com'
2026-09-03 10:29:48,667 INFO Inventory item added: 'Camera'
2026-09-03 10:29:48,682 INFO Database initialized successfully at C:\Users\NU\AppData\Local\Temp\tmpaocrqhwd\test_lab_tracker.db
2026-09-03 10:29:48,888 INFO Account Created: 'Boss' with email 'adminBoss@gmail.com'
2026-09-03 10:29:49,090 INFO Account Created: 'Student' with email 'student@gmail.com'
2026-09-03 10:29:49,290 INFO User Logged In: 'Boss' with email 'adminBoss@gmail.com'
2026-09-03 10:30:24,996 INFO Database initialized successfully at C:\Users\NU\AppData\Local\Temp\tmp_ncxmwjm\test_lab_tracker.db
2026-09-03 10:30:25,206 INFO Account Created: 'Student' with email 'student@gmail.com'
2026-09-03 10:30:25,609 INFO User Logged In: 'Student' with email 'student@gmail.com'
2026-09-03 10:30:25,618 INFO Database initialized successfully at C:\Users\NU\AppData\Local\Temp\tmpsfp752v2\test_lab_tracker.db
2026-09-03 10:30:25,822 INFO Account Created: 'Student' with email 'student@gmail.com'
2026-09-03 10:30:25,824 INFO Inventory item added: 'Camera'
2026-09-03 10:30:25,844 INFO Database initialized successfully at C:\Users\NU\AppData\Local\Temp\tmpwgh_2bi3\test_lab_tracker.db
2026-09-03 10:30:26,047 INFO Account Created: 'Student' with email 'student@gmail.com'
2026-09-03 10:30:26,050 INFO Inventory item added: 'Laptop'
2026-09-03 10:30:26,051 WARNING Duplicate item attempted: 'laptop' in category 'Other'
2026-09-03 10:30:26,065 INFO Database initialized successfully at C:\Users\NU\AppData\Local\Temp\tmpdd0bdemf\test_lab_tracker.db
2026-09-03 10:30:26,269 INFO Account Created: 'Student' with email 'student@gmail.com'
2026-09-03 10:30:26,272 INFO Inventory item added: 'Camera'
2026-09-03 10:30:26,289 INFO Database initialized successfully at C:\Users\NU\AppData\Local\Temp\tmpdofgd0ra\test_lab_tracker.db
2026-09-03 10:30:26,495 INFO Account Created: 'Boss' with email 'adminBoss@gmail.com'
2026-09-03 10:30:26,700 INFO Account Created: 'Student' with email 'student@gmail.com'
2026-09-03 10:30:26,901 INFO User Logged In: 'Boss' with email 'adminBoss@gmail.com'
2026-09-03 10:30:31,707 INFO Database initialized successfully at lab_tracker.db
2026-09-03 10:31:50,957 INFO Database initialized successfully at C:\Users\NU\Downloads\Experimental Task\lab_tracker.db
2026-09-03 10:32:13,121 INFO User Logged In: 'adminval' with email 'adminadminval@gmail.com'
2026-09-03 10:32:48,043 INFO Database initialized successfully at C:\Users\NU\AppData\Local\Temp\tmptip8uc_l\test_lab_tracker.db
2026-09-03 10:32:48,246 INFO Account Created: 'Student' with email 'student@gmail.com'
2026-09-03 10:32:48,655 INFO User Logged In: 'Student' with email 'student@gmail.com'
2026-09-03 10:32:48,670 INFO Database initialized successfully at C:\Users\NU\AppData\Local\Temp\tmpyy7qoxgk\test_lab_tracker.db
2026-09-03 10:32:48,872 INFO Account Created: 'Student' with email 'student@gmail.com'
2026-09-03 10:32:48,874 INFO Inventory item added: 'Camera'
2026-09-03 10:32:48,891 INFO Database initialized successfully at C:\Users\NU\AppData\Local\Temp\tmprsnmriv3\test_lab_tracker.db
2026-09-03 10:32:49,094 INFO Account Created: 'Student' with email 'student@gmail.com'
2026-09-03 10:32:49,097 INFO Inventory item added: 'Laptop'
2026-09-03 10:32:49,098 WARNING Duplicate item attempted: 'laptop' in category 'Other'
2026-09-03 10:32:49,112 INFO Database initialized successfully at C:\Users\NU\AppData\Local\Temp\tmp3n3wi08e\test_lab_tracker.db
2026-09-03 10:32:49,315 INFO Account Created: 'Student' with email 'student@gmail.com'
2026-09-03 10:32:49,320 INFO Inventory item added: 'Camera'
2026-09-03 10:32:49,335 INFO Database initialized successfully at C:\Users\NU\AppData\Local\Temp\tmp484nn54f\test_lab_tracker.db
2026-09-03 10:32:49,541 INFO Account Created: 'Boss' with email 'adminBoss@gmail.com'
2026-09-03 10:32:49,742 INFO Account Created: 'Student' with email 'student@gmail.com'
2026-09-03 10:32:49,939 INFO User Logged In: 'Boss' with email 'adminBoss@gmail.com'
2026-09-03 10:34:23,668 INFO Database initialized successfully at C:\Users\NU\AppData\Local\Temp\tmp_mw6b6t9\test_lab_tracker.db
2026-09-03 10:34:23,881 INFO Account Created: 'Student' with email 'student@gmail.com'
2026-09-03 10:34:24,289 INFO User Logged In: 'Student' with email 'student@gmail.com'
2026-09-03 10:34:24,298 INFO Database initialized successfully at C:\Users\NU\AppData\Local\Temp\tmp4dhb2n8i\test_lab_tracker.db
2026-09-03 10:34:24,503 INFO Account Created: 'Student' with email 'student@gmail.com'
2026-09-03 10:34:24,506 INFO Inventory item added: 'Camera'
2026-09-03 10:34:24,523 INFO Database initialized successfully at C:\Users\NU\AppData\Local\Temp\tmp535wwo83\test_lab_tracker.db
2026-09-03 10:34:24,728 INFO Account Created: 'Student' with email 'student@gmail.com'
2026-09-03 10:34:24,732 INFO Inventory item added: 'Laptop'
2026-09-03 10:34:24,733 WARNING Duplicate item attempted: 'laptop' in category 'Other'
2026-09-03 10:34:24,745 INFO Database initialized successfully at C:\Users\NU\AppData\Local\Temp\tmpqtik1eir\test_lab_tracker.db
2026-09-03 10:34:24,949 INFO Account Created: 'Student' with email 'student@gmail.com'
2026-09-03 10:34:24,951 INFO Inventory item added: 'Camera'
2026-09-03 10:34:24,965 INFO Database initialized successfully at C:\Users\NU\AppData\Local\Temp\tmphpwfbexs\test_lab_tracker.db
2026-09-03 10:34:25,168 INFO Account Created: 'Boss' with email 'adminBoss@gmail.com'
2026-09-03 10:34:25,373 INFO Account Created: 'Student' with email 'student@gmail.com'
2026-09-03 10:34:25,582 INFO User Logged In: 'Boss' with email 'adminBoss@gmail.com'
2026-09-03 10:34:53,839 INFO Database initialized successfully at C:\Users\NU\AppData\Local\Temp\tmps1xh29tj\test_lab_tracker.db
2026-09-03 10:34:54,046 INFO Account Created: 'Student' with email 'student@gmail.com'
2026-09-03 10:34:54,448 INFO User Logged In: 'Student' with email 'student@gmail.com'
2026-09-03 10:34:54,457 INFO Database initialized successfully at C:\Users\NU\AppData\Local\Temp\tmp67p64ale\test_lab_tracker.db
2026-09-03 10:34:54,664 INFO Account Created: 'Student' with email 'student@gmail.com'
2026-09-03 10:34:54,666 INFO Inventory item added: 'Camera'
2026-09-03 10:34:54,684 INFO Database initialized successfully at C:\Users\NU\AppData\Local\Temp\tmpefz_rb0l\test_lab_tracker.db
2026-09-03 10:34:54,893 INFO Account Created: 'Student' with email 'student@gmail.com'
2026-09-03 10:34:54,896 INFO Inventory item added: 'Laptop'
2026-09-03 10:34:54,897 WARNING Duplicate item attempted: 'laptop' in category 'Other'
2026-09-03 10:34:54,909 INFO Database initialized successfully at C:\Users\NU\AppData\Local\Temp\tmp98zyylkp\test_lab_tracker.db
2026-09-03 10:34:55,114 INFO Account Created: 'Student' with email 'student@gmail.com'
2026-09-03 10:34:55,117 INFO Inventory item added: 'Camera'
2026-09-03 10:34:55,133 INFO Database initialized successfully at C:\Users\NU\AppData\Local\Temp\tmpeuqjvp_y\test_lab_tracker.db
2026-09-03 10:34:55,335 INFO Account Created: 'Student' with email 'student@gmail.com'
2026-09-03 10:34:55,337 INFO Inventory item added: 'Camera'
2026-09-03 10:34:55,352 INFO Database initialized successfully at C:\Users\NU\AppData\Local\Temp\tmp7077pdnw\test_lab_tracker.db
2026-09-03 10:34:55,553 INFO Account Created: 'Boss' with email 'adminBoss@gmail.com'
2026-09-03 10:34:55,756 INFO Account Created: 'Student' with email 'student@gmail.com'
2026-09-03 10:34:55,957 INFO User Logged In: 'Boss' with email 'adminBoss@gmail.com'
2026-09-03 10:35:12,487 INFO Database initialized successfully at C:\Users\NU\AppData\Local\Temp\tmpssoy21n7\test_lab_tracker.db
2026-09-03 10:35:12,693 INFO Account Created: 'Student' with email 'student@gmail.com'
2026-09-03 10:35:13,098 INFO User Logged In: 'Student' with email 'student@gmail.com'
2026-09-03 10:35:13,108 INFO Database initialized successfully at C:\Users\NU\AppData\Local\Temp\tmppy0jbc8n\test_lab_tracker.db
2026-09-03 10:35:13,309 INFO Account Created: 'Student' with email 'student@gmail.com'
2026-09-03 10:35:13,312 INFO Inventory item added: 'Camera'
2026-09-03 10:35:13,329 INFO Database initialized successfully at C:\Users\NU\AppData\Local\Temp\tmp08jb32av\test_lab_tracker.db
2026-09-03 10:35:13,531 INFO Account Created: 'Student' with email 'student@gmail.com'
2026-09-03 10:35:13,534 INFO Inventory item added: 'Laptop'
2026-09-03 10:35:13,535 WARNING Duplicate item attempted: 'laptop' in category 'Other'
2026-09-03 10:35:13,547 INFO Database initialized successfully at C:\Users\NU\AppData\Local\Temp\tmp1ardzg8w\test_lab_tracker.db
2026-09-03 10:35:13,772 INFO Account Created: 'Student' with email 'student@gmail.com'
2026-09-03 10:35:13,776 INFO Inventory item added: 'Camera'
2026-09-03 10:35:13,794 INFO Database initialized successfully at C:\Users\NU\AppData\Local\Temp\tmp7869a7yb\test_lab_tracker.db
2026-09-03 10:35:13,998 INFO Account Created: 'Student' with email 'student@gmail.com'
2026-09-03 10:35:14,001 INFO Inventory item added: 'Camera'
2026-09-03 10:35:14,016 INFO Database initialized successfully at C:\Users\NU\AppData\Local\Temp\tmpdlc1dblf\test_lab_tracker.db
2026-09-03 10:35:14,220 INFO Account Created: 'Boss' with email 'adminBoss@gmail.com'
2026-09-03 10:35:14,423 INFO Account Created: 'Student' with email 'student@gmail.com'
2026-09-03 10:35:14,622 INFO User Logged In: 'Boss' with email 'adminBoss@gmail.com'
2026-09-03 10:35:36,197 INFO Database initialized successfully at C:\Users\NU\Downloads\Experimental Task\lab_tracker.db
2026-09-03 10:36:06,429 INFO User Logged In: 'user1' with email 'user1@gmail.com'
2026-09-03 10:37:50,038 INFO Database initialized successfully at C:\Users\NU\AppData\Local\Temp\tmpxnh7b6on\test_lab_tracker.db
2026-09-03 10:37:50,243 INFO Account Created: 'Student' with email 'student@gmail.com'
2026-09-03 10:37:50,641 INFO User Logged In: 'Student' with email 'student@gmail.com'
2026-09-03 10:37:50,653 INFO Database initialized successfully at C:\Users\NU\AppData\Local\Temp\tmp8vhnouox\test_lab_tracker.db
2026-09-03 10:37:50,859 INFO Account Created: 'Student' with email 'student@gmail.com'
2026-09-03 10:37:50,862 INFO Inventory item added: 'Camera'
2026-09-03 10:37:50,879 INFO Database initialized successfully at C:\Users\NU\AppData\Local\Temp\tmpgaajxizd\test_lab_tracker.db
2026-09-03 10:37:51,085 INFO Account Created: 'Student' with email 'student@gmail.com'
2026-09-03 10:37:51,088 INFO Inventory item added: 'Laptop'
2026-09-03 10:37:51,089 WARNING Duplicate item attempted: 'laptop' in category 'Other'
2026-09-03 10:37:51,102 INFO Database initialized successfully at C:\Users\NU\AppData\Local\Temp\tmpzucjoxxd\test_lab_tracker.db
2026-09-03 10:37:51,308 INFO Account Created: 'Student' with email 'student@gmail.com'
2026-09-03 10:37:51,312 INFO Inventory item added: 'Camera'
2026-09-03 10:37:51,336 INFO Database initialized successfully at C:\Users\NU\AppData\Local\Temp\tmp2h_3lumk\test_lab_tracker.db
2026-09-03 10:37:51,536 INFO Account Created: 'Student' with email 'student@gmail.com'
2026-09-03 10:37:51,538 INFO Inventory item added: 'Camera'
2026-09-03 10:37:51,567 INFO Database initialized successfully at C:\Users\NU\AppData\Local\Temp\tmpghfrd9rf\test_lab_tracker.db
2026-09-03 10:37:51,770 INFO Account Created: 'Boss' with email 'adminBoss@gmail.com'
2026-09-03 10:37:51,974 INFO Account Created: 'Student' with email 'student@gmail.com'
2026-09-03 10:37:52,175 INFO User Logged In: 'Boss' with email 'adminBoss@gmail.com'
2026-09-03 10:38:11,542 INFO Database initialized successfully at C:\Users\NU\Downloads\Experimental Task\lab_tracker.db
2026-09-03 10:38:56,597 INFO Account Created: 'val' with email 'adminval@gmail.com'
2026-09-03 10:39:14,351 INFO User Logged In: 'val' with email 'adminval@gmail.com'
2026-09-03 10:39:57,588 INFO User Logged In: 'user1' with email 'user1@gmail.com'
2026-09-03 10:41:51,053 INFO User Logged In: 'val' with email 'adminval@gmail.com'
2026-09-03 10:45:16,942 INFO Database initialized successfully at C:\Users\NU\AppData\Local\Temp\tmpfcuppy6w\test_lab_tracker.db
2026-09-03 10:45:17,156 INFO Account Created: 'Student' with email 'student@gmail.com'
2026-09-03 10:45:17,568 INFO User Logged In: 'Student' with email 'student@gmail.com'
2026-09-03 10:45:17,577 INFO Database initialized successfully at C:\Users\NU\AppData\Local\Temp\tmp31xeu22e\test_lab_tracker.db
2026-09-03 10:45:17,786 INFO Account Created: 'Student' with email 'student@gmail.com'
2026-09-03 10:45:17,789 INFO Inventory item added: 'Laptop'
2026-09-03 10:45:17,807 INFO Database initialized successfully at C:\Users\NU\AppData\Local\Temp\tmpuifvmzv0\test_lab_tracker.db
2026-09-03 10:45:18,024 INFO Account Created: 'Student' with email 'student@gmail.com'
2026-09-03 10:45:18,027 INFO Inventory item added: 'Camera'
2026-09-03 10:45:18,046 INFO Database initialized successfully at C:\Users\NU\AppData\Local\Temp\tmpxjhmuito\test_lab_tracker.db
2026-09-03 10:45:18,256 INFO Account Created: 'Student' with email 'student@gmail.com'
2026-09-03 10:45:18,258 INFO Inventory item added: 'Laptop'
2026-09-03 10:45:18,259 WARNING Duplicate item attempted: 'laptop' in category 'Other'
2026-09-03 10:45:18,271 INFO Database initialized successfully at C:\Users\NU\AppData\Local\Temp\tmpncmaeae5\test_lab_tracker.db
2026-09-03 10:45:18,500 INFO Account Created: 'Student' with email 'student@gmail.com'
2026-09-03 10:45:18,503 INFO Inventory item added: 'Camera'
2026-09-03 10:45:18,520 INFO Database initialized successfully at C:\Users\NU\AppData\Local\Temp\tmpafyeum2v\test_lab_tracker.db
2026-09-03 10:45:18,733 INFO Account Created: 'Student' with email 'student@gmail.com'
2026-09-03 10:45:18,736 INFO Inventory item added: 'Camera'
2026-09-03 10:45:18,751 INFO Database initialized successfully at C:\Users\NU\AppData\Local\Temp\tmpbawpi1s6\test_lab_tracker.db
2026-09-03 10:45:18,966 INFO Account Created: 'Boss' with email 'adminBoss@gmail.com'
2026-09-03 10:45:19,181 INFO Account Created: 'Student' with email 'student@gmail.com'
2026-09-03 10:45:19,379 INFO User Logged In: 'Boss' with email 'adminBoss@gmail.com'
2026-09-03 10:45:29,132 INFO Database initialized successfully at C:\Users\NU\Downloads\Experimental Task\lab_tracker.db
2026-09-03 10:45:45,157 INFO User Logged In: 'val' with email 'adminval@gmail.com'
2026-09-03 10:46:36,850 INFO Database initialized successfully at C:\Users\NU\AppData\Local\Temp\tmp2za6rqv7\test_lab_tracker.db
2026-09-03 10:46:37,055 INFO Account Created: 'Student' with email 'student@gmail.com'
2026-09-03 10:46:37,059 INFO Inventory item added: 'Laptop'
2026-09-03 10:46:43,881 INFO Database initialized successfully at C:\Users\NU\AppData\Local\Temp\tmpkrlyb53b\test_lab_tracker.db
2026-09-03 10:46:44,110 INFO Account Created: 'Student' with email 'student@gmail.com'
2026-09-03 10:46:44,511 INFO User Logged In: 'Student' with email 'student@gmail.com'
2026-09-03 10:46:44,520 INFO Database initialized successfully at C:\Users\NU\AppData\Local\Temp\tmpn0pajvbl\test_lab_tracker.db
2026-09-03 10:46:44,726 INFO Account Created: 'Student' with email 'student@gmail.com'
2026-09-03 10:46:44,729 INFO Inventory item added: 'Laptop'
2026-09-03 10:46:44,746 INFO Database initialized successfully at C:\Users\NU\AppData\Local\Temp\tmpaxbrlmqc\test_lab_tracker.db
2026-09-03 10:46:44,952 INFO Account Created: 'Student' with email 'student@gmail.com'
2026-09-03 10:46:44,954 INFO Inventory item added: 'Camera'
2026-09-03 10:46:44,971 INFO Database initialized successfully at C:\Users\NU\AppData\Local\Temp\tmph7108uev\test_lab_tracker.db
2026-09-03 10:46:45,172 INFO Account Created: 'Student' with email 'student@gmail.com'
2026-09-03 10:46:45,176 INFO Inventory item added: 'Laptop'
2026-09-03 10:46:45,177 WARNING Duplicate item attempted: 'laptop' in category 'Other'
2026-09-03 10:46:45,187 INFO Database initialized successfully at C:\Users\NU\AppData\Local\Temp\tmpwab68gnv\test_lab_tracker.db
2026-09-03 10:46:45,389 INFO Account Created: 'Student' with email 'student@gmail.com'
2026-09-03 10:46:45,393 INFO Inventory item added: 'Camera'
2026-09-03 10:46:45,409 INFO Database initialized successfully at C:\Users\NU\AppData\Local\Temp\tmp_n9kyi90\test_lab_tracker.db
2026-09-03 10:46:45,612 INFO Account Created: 'Student' with email 'student@gmail.com'
2026-09-03 10:46:45,614 INFO Inventory item added: 'Camera'
2026-09-03 10:46:45,629 INFO Database initialized successfully at C:\Users\NU\AppData\Local\Temp\tmpdy2chpr7\test_lab_tracker.db
2026-09-03 10:46:45,835 INFO Account Created: 'Boss' with email 'adminBoss@gmail.com'
2026-09-03 10:46:46,036 INFO Account Created: 'Student' with email 'student@gmail.com'
2026-09-03 10:46:46,238 INFO User Logged In: 'Boss' with email 'adminBoss@gmail.com'
2026-09-03 10:46:57,324 INFO Database initialized successfully at C:\Users\NU\Downloads\Experimental Task\lab_tracker.db
2026-09-03 10:47:23,791 INFO User Logged In: 'val' with email 'adminval@gmail.com'
2026-09-03 10:48:56,011 INFO Database initialized successfully at C:\Users\NU\AppData\Local\Temp\tmpz05g5a9a\test_lab_tracker.db
2026-09-03 10:48:56,213 INFO Account Created: 'Student' with email 'student@gmail.com'
2026-09-03 10:48:56,216 INFO Inventory item added: 'Camera'
2026-09-03 10:49:07,563 INFO Database initialized successfully at C:\Users\NU\AppData\Local\Temp\tmpvfz7b0cg\test_lab_tracker.db
2026-09-03 10:49:07,789 INFO Account Created: 'Student' with email 'student@gmail.com'
2026-09-03 10:49:08,189 INFO User Logged In: 'Student' with email 'student@gmail.com'
2026-09-03 10:49:08,202 INFO Database initialized successfully at C:\Users\NU\AppData\Local\Temp\tmpj008csmh\test_lab_tracker.db
2026-09-03 10:49:08,405 INFO Account Created: 'Student' with email 'student@gmail.com'
2026-09-03 10:49:08,407 INFO Inventory item added: 'Laptop'
2026-09-03 10:49:08,426 INFO Database initialized successfully at C:\Users\NU\AppData\Local\Temp\tmp4wnltcvw\test_lab_tracker.db
2026-09-03 10:49:08,627 INFO Account Created: 'Student' with email 'student@gmail.com'
2026-09-03 10:49:08,630 INFO Inventory item added: 'Camera'
2026-09-03 10:49:08,652 INFO Database initialized successfully at C:\Users\NU\AppData\Local\Temp\tmpev5gh6vx\test_lab_tracker.db
2026-09-03 10:49:08,854 INFO Account Created: 'Student' with email 'student@gmail.com'
2026-09-03 10:49:08,857 INFO Inventory item added: 'Laptop'
2026-09-03 10:49:08,858 WARNING Duplicate item attempted: 'laptop' in category 'Other'
2026-09-03 10:49:08,872 INFO Database initialized successfully at C:\Users\NU\AppData\Local\Temp\tmpmfe_cgdy\test_lab_tracker.db
2026-09-03 10:49:09,079 INFO Account Created: 'Student' with email 'student@gmail.com'
2026-09-03 10:49:09,081 INFO Inventory item added: 'Camera'
2026-09-03 10:49:09,097 INFO Database initialized successfully at C:\Users\NU\AppData\Local\Temp\tmpqjm31n9f\test_lab_tracker.db
2026-09-03 10:49:09,300 INFO Account Created: 'Student' with email 'student@gmail.com'
2026-09-03 10:49:09,303 INFO Inventory item added: 'Camera'
2026-09-03 10:49:09,325 INFO Database initialized successfully at C:\Users\NU\AppData\Local\Temp\tmp1u184ili\test_lab_tracker.db
2026-09-03 10:49:09,531 INFO Account Created: 'Boss' with email 'adminBoss@gmail.com'
2026-09-03 10:49:09,734 INFO Account Created: 'Student' with email 'student@gmail.com'
2026-09-03 10:49:09,939 INFO User Logged In: 'Boss' with email 'adminBoss@gmail.com'
2026-09-03 10:49:25,861 INFO Database initialized successfully at C:\Users\NU\Downloads\Experimental Task\lab_tracker.db
2026-09-03 10:50:06,980 INFO User Logged In: 'val' with email 'adminval@gmail.com'
2026-09-03 10:52:33,802 INFO User Logged In: 'user1' with email 'user1@gmail.com'
2026-09-03 10:53:47,000 INFO User Logged In: 'val' with email 'adminval@gmail.com'
2026-09-03 11:02:11,822 INFO Database initialized successfully at C:\Users\NU\Downloads\Experimental Task\lab_tracker.db
2026-09-03 11:02:41,636 INFO User Logged In: 'user1' with email 'user1@gmail.com'
2026-09-03 11:06:39,433 INFO User Logged In: 'val' with email 'adminval@gmail.com'
2026-09-17 08:43:57,561 INFO Database initialized successfully at C:\Users\NU\Downloads\Experimental Task\lab_tracker.db
2026-09-17 08:57:21,372 INFO Database initialized successfully at C:\Users\NU\Downloads\Experimental Task\lab_tracker.db
2026-09-17 08:57:21,378 INFO WARNING: This is a development server. Do not use it in a production deployment. Use a production WSGI server instead.
 * Running on http://127.0.0.1:5000
2026-09-17 08:57:21,378 INFO Press CTRL+C to quit
2026-09-17 08:59:25,651 ERROR 127.0.0.1 - - [17/Sep/2026 08:59:25] code 400, message Bad request syntax ('\x00\x00\x00>\x00\x03\x00\x00user\x00postgres\x00database\x00postgres\x00client_encoding\x00UTF8\x00\x00')
2026-09-17 08:59:25,652 INFO 127.0.0.1 - - [17/Sep/2026 08:59:25] "\x00\x00\x00>\x00\x03\x00\x00user\x00postgres\x00database\x00postgres\x00client_encoding\x00UTF8\x00\x00" 400 -
2026-09-17 08:59:34,998 ERROR 127.0.0.1 - - [17/Sep/2026 08:59:34] code 400, message Bad request syntax ('\x00\x00\x00>\x00\x03\x00\x00user\x00postgres\x00database\x00postgres\x00client_encoding\x00UTF8\x00\x00')
2026-09-17 08:59:34,998 INFO 127.0.0.1 - - [17/Sep/2026 08:59:34] "\x00\x00\x00>\x00\x03\x00\x00user\x00postgres\x00database\x00postgres\x00client_encoding\x00UTF8\x00\x00" 400 -
2026-09-17 08:59:36,549 INFO 127.0.0.1 - - [17/Sep/2026 08:59:36] "GET / HTTP/1.1" 200 -
2026-09-17 08:59:36,570 INFO 127.0.0.1 - - [17/Sep/2026 08:59:36] "GET / HTTP/1.1" 200 -
2026-09-17 08:59:44,600 ERROR 127.0.0.1 - - [17/Sep/2026 08:59:44] code 400, message Bad request syntax ('\x00\x00\x00>\x00\x03\x00\x00user\x00postgres\x00database\x00postgres\x00client_encoding\x00UTF8\x00\x00')
2026-09-17 08:59:44,601 INFO 127.0.0.1 - - [17/Sep/2026 08:59:44] "\x00\x00\x00>\x00\x03\x00\x00user\x00postgres\x00database\x00postgres\x00client_encoding\x00UTF8\x00\x00" 400 -
2026-09-17 08:59:54,585 ERROR 127.0.0.1 - - [17/Sep/2026 08:59:54] code 400, message Bad request syntax ('\x00\x00\x00>\x00\x03\x00\x00user\x00postgres\x00database\x00postgres\x00client_encoding\x00UTF8\x00\x00')
2026-09-17 08:59:54,586 INFO 127.0.0.1 - - [17/Sep/2026 08:59:54] "\x00\x00\x00>\x00\x03\x00\x00user\x00postgres\x00database\x00postgres\x00client_encoding\x00UTF8\x00\x00" 400 -
2026-09-17 08:59:59,596 ERROR 127.0.0.1 - - [17/Sep/2026 08:59:59] code 400, message Bad request syntax ('\x00\x00\x00>\x00\x03\x00\x00user\x00postgres\x00database\x00postgres\x00client_encoding\x00UTF8\x00\x00')
2026-09-17 08:59:59,607 INFO 127.0.0.1 - - [17/Sep/2026 08:59:59] "\x00\x00\x00>\x00\x03\x00\x00user\x00postgres\x00database\x00postgres\x00client_encoding\x00UTF8\x00\x00" 400 -
2026-09-17 09:00:28,448 INFO 127.0.0.1 - - [17/Sep/2026 09:00:28] "GET / HTTP/1.1" 200 -
2026-09-17 09:00:28,528 INFO 127.0.0.1 - - [17/Sep/2026 09:00:28] "GET /favicon.ico HTTP/1.1" 404 -
2026-09-17 09:00:49,066 INFO 127.0.0.1 - - [17/Sep/2026 09:00:49] "GET /register HTTP/1.1" 200 -
2026-09-17 09:02:05,596 INFO Account Created: 'user12' with email 'user12@gmail.com'
2026-09-17 09:02:05,597 INFO 127.0.0.1 - - [17/Sep/2026 09:02:05] "POST /register HTTP/1.1" 302 -
2026-09-17 09:02:05,601 INFO 127.0.0.1 - - [17/Sep/2026 09:02:05] "GET / HTTP/1.1" 200 -
2026-09-17 09:02:28,588 INFO User Logged In: 'user12' with email 'user12@gmail.com'
2026-09-17 09:02:28,588 INFO 127.0.0.1 - - [17/Sep/2026 09:02:28] "POST / HTTP/1.1" 302 -
2026-09-17 09:02:28,596 INFO 127.0.0.1 - - [17/Sep/2026 09:02:28] "GET /dashboard HTTP/1.1" 200 -
2026-09-17 09:04:05,883 INFO 127.0.0.1 - - [17/Sep/2026 09:04:05] "GET /dashboard HTTP/1.1" 302 -
2026-09-17 09:04:05,897 INFO 127.0.0.1 - - [17/Sep/2026 09:04:05] "GET / HTTP/1.1" 200 -
2026-09-17 09:04:05,933 INFO 127.0.0.1 - - [17/Sep/2026 09:04:05] "GET /favicon.ico HTTP/1.1" 404 -
2026-09-17 09:05:13,478 ERROR 127.0.0.1 - - [17/Sep/2026 09:05:13] code 400, message Bad request syntax ('\x00\x00\x00>\x00\x03\x00\x00user\x00postgres\x00database\x00postgres\x00client_encoding\x00UTF8\x00\x00')
2026-09-17 09:05:13,479 INFO 127.0.0.1 - - [17/Sep/2026 09:05:13] "\x00\x00\x00>\x00\x03\x00\x00user\x00postgres\x00database\x00postgres\x00client_encoding\x00UTF8\x00\x00" 400 -
2026-09-17 09:05:20,876 ERROR 127.0.0.1 - - [17/Sep/2026 09:05:20] code 400, message Bad request syntax ('\x00\x00\x00>\x00\x03\x00\x00user\x00postgres\x00database\x00postgres\x00client_encoding\x00UTF8\x00\x00')
2026-09-17 09:05:20,877 INFO 127.0.0.1 - - [17/Sep/2026 09:05:20] "\x00\x00\x00>\x00\x03\x00\x00user\x00postgres\x00database\x00postgres\x00client_encoding\x00UTF8\x00\x00" 400 -
2026-09-17 09:06:21,403 INFO Database initialized successfully at C:\Users\NU\Downloads\Experimental Task\lab_tracker.db
2026-09-17 09:06:21,408 INFO WARNING: This is a development server. Do not use it in a production deployment. Use a production WSGI server instead.
 * Running on http://127.0.0.1:5000
2026-09-17 09:06:21,409 INFO Press CTRL+C to quit
2026-09-17 09:06:39,411 ERROR 127.0.0.1 - - [17/Sep/2026 09:06:39] code 400, message Bad request syntax ('\x00\x00\x00>\x00\x03\x00\x00user\x00postgres\x00database\x00postgres\x00client_encoding\x00UTF8\x00\x00')
2026-09-17 09:06:39,412 INFO 127.0.0.1 - - [17/Sep/2026 09:06:39] "\x00\x00\x00>\x00\x03\x00\x00user\x00postgres\x00database\x00postgres\x00client_encoding\x00UTF8\x00\x00" 400 -
2026-09-17 09:07:29,021 INFO 127.0.0.1 - - [17/Sep/2026 09:07:29] "GET / HTTP/1.1" 200 -
2026-09-17 09:07:36,379 INFO 127.0.0.1 - - [17/Sep/2026 09:07:36] "GET / HTTP/1.1" 200 -
2026-09-17 09:07:53,125 INFO User Logged In: 'user12' with email 'user12@gmail.com'
2026-09-17 09:07:53,128 INFO 127.0.0.1 - - [17/Sep/2026 09:07:53] "POST / HTTP/1.1" 302 -
2026-09-17 09:07:53,139 INFO 127.0.0.1 - - [17/Sep/2026 09:07:53] "GET /dashboard HTTP/1.1" 200 -
2026-09-17 09:08:43,760 INFO 127.0.0.1 - - [17/Sep/2026 09:08:43] "POST /borrow HTTP/1.1" 302 -
2026-09-17 09:08:43,769 INFO 127.0.0.1 - - [17/Sep/2026 09:08:43] "GET /dashboard HTTP/1.1" 200 -
2026-09-17 09:08:48,377 INFO 127.0.0.1 - - [17/Sep/2026 09:08:48] "GET /logout HTTP/1.1" 302 -
2026-09-17 09:08:48,383 INFO 127.0.0.1 - - [17/Sep/2026 09:08:48] "GET / HTTP/1.1" 200 -
2026-09-17 09:08:51,019 INFO 127.0.0.1 - - [17/Sep/2026 09:08:51] "GET /register HTTP/1.1" 200 -
2026-09-17 09:09:16,967 INFO Account Created: 'dada' with email 'admindada@gmail.com'
2026-09-17 09:09:16,968 INFO 127.0.0.1 - - [17/Sep/2026 09:09:16] "POST /register HTTP/1.1" 302 -
2026-09-17 09:09:16,973 INFO 127.0.0.1 - - [17/Sep/2026 09:09:16] "GET / HTTP/1.1" 200 -
2026-09-17 09:10:05,077 INFO User Logged In: 'dada' with email 'admindada@gmail.com'
2026-09-17 09:10:05,079 INFO 127.0.0.1 - - [17/Sep/2026 09:10:05] "POST / HTTP/1.1" 302 -
2026-09-17 09:10:05,108 INFO 127.0.0.1 - - [17/Sep/2026 09:10:05] "GET /dashboard HTTP/1.1" 200 -
2026-09-17 09:10:33,807 INFO 127.0.0.1 - - [17/Sep/2026 09:10:33] "POST /borrowers/6/status HTTP/1.1" 302 -
2026-09-17 09:10:33,820 INFO 127.0.0.1 - - [17/Sep/2026 09:10:33] "GET /dashboard HTTP/1.1" 200 -
2026-09-17 09:10:37,221 INFO 127.0.0.1 - - [17/Sep/2026 09:10:37] "POST /inventory/6/hold HTTP/1.1" 302 -
2026-09-17 09:10:37,236 INFO 127.0.0.1 - - [17/Sep/2026 09:10:37] "GET /dashboard HTTP/1.1" 200 -
2026-09-17 09:10:40,655 INFO 127.0.0.1 - - [17/Sep/2026 09:10:40] "POST /inventory/6/hold HTTP/1.1" 302 -
2026-09-17 09:10:40,677 INFO 127.0.0.1 - - [17/Sep/2026 09:10:40] "GET /dashboard HTTP/1.1" 200 -
2026-09-17 09:11:51,739 INFO 127.0.0.1 - - [17/Sep/2026 09:11:51] "GET /dashboard HTTP/1.1" 302 -
2026-09-17 09:11:51,784 INFO 127.0.0.1 - - [17/Sep/2026 09:11:51] "GET / HTTP/1.1" 200 -
2026-09-17 09:12:05,974 INFO Database initialized successfully at C:\Users\NU\Downloads\Experimental Task\lab_tracker.db
2026-09-17 09:12:05,979 INFO WARNING: This is a development server. Do not use it in a production deployment. Use a production WSGI server instead.
 * Running on http://127.0.0.1:5000
2026-09-17 09:12:05,979 INFO Press CTRL+C to quit
2026-09-17 09:12:16,397 INFO 127.0.0.1 - - [17/Sep/2026 09:12:16] "GET / HTTP/1.1" 200 -
2026-09-17 09:12:21,459 INFO 127.0.0.1 - - [17/Sep/2026 09:12:21] "GET /dashboard HTTP/1.1" 200 -
2026-09-17 09:12:28,682 INFO 127.0.0.1 - - [17/Sep/2026 09:12:28] "GET /dashboard HTTP/1.1" 200 -
2026-09-17 09:14:40,617 INFO Database initialized successfully at C:\Users\NU\Downloads\Experimental Task\lab_tracker.db
2026-09-17 09:14:40,623 INFO WARNING: This is a development server. Do not use it in a production deployment. Use a production WSGI server instead.
 * Running on http://127.0.0.1:5000
2026-09-17 09:14:40,623 INFO Press CTRL+C to quit
2026-09-17 09:15:05,783 INFO 127.0.0.1 - - [17/Sep/2026 09:15:05] "GET /dashboard HTTP/1.1" 200 -
2026-09-17 09:29:29,718 INFO 127.0.0.1 - - [17/Sep/2026 09:29:29] "GET /dashboard/ HTTP/1.1" 404 -
2026-09-17 09:29:38,181 INFO 127.0.0.1 - - [17/Sep/2026 09:29:38] "GET /dashboard HTTP/1.1" 200 -
2026-09-17 09:29:40,209 INFO 127.0.0.1 - - [17/Sep/2026 09:29:40] "GET /logout HTTP/1.1" 302 -
2026-09-17 09:29:40,215 INFO 127.0.0.1 - - [17/Sep/2026 09:29:40] "GET / HTTP/1.1" 200 -
2026-09-17 09:29:41,953 INFO 127.0.0.1 - - [17/Sep/2026 09:29:41] "GET /dashboard HTTP/1.1" 302 -
2026-09-17 09:29:41,961 INFO 127.0.0.1 - - [17/Sep/2026 09:29:41] "GET / HTTP/1.1" 200 -
